javac : D:\DuAn1_Banxe\src\main\java\dao\ChiTietXeDaoImpl.java:71: error: unmappable character (0x90) for encoding windows-1252
At line:1 char:144
+ ... y FullName; javac -d target\classes -sourcepath src\main\java -cp "." ...
+                 ~~~~~~~~~~~~~~~~~~~~~~~~~~~~~~~~~~~~~~~~~~~~~~~~~~~~~~~~~
    + CategoryInfo          : NotSpecified: (D:\DuAn1_Banxe\...ng windows-1252:String) [], RemoteException
    + FullyQualifiedErrorId : NativeCommandError
 
                   + "CONCAT('─?ß╗Öng c╞í ', ct.IdDongCo), ct.PhienBan, ct.GiaBan, ct.MoTa "
                               ^
D:\DuAn1_Banxe\src\main\java\dao\DangNhapDao.java:119: error: unmappable character (0x9D) for encoding windows-1252
     * X├íc ─æß╗ïnh loß║íi ng╞░ß╗?i d├╣ng (NHANVIEN hoß║╖c KHACHHANG)
                                 ^
D:\DuAn1_Banxe\src\main\java\dao\DangNhapDao.java:156: error: unmappable character (0x90) for encoding windows-1252
     * ─?ß╗òi mß║¡t khß║⌐u cho Nh├ón vi├¬n
        ^
D:\DuAn1_Banxe\src\main\java\dao\DangNhapDao.java:183: error: unmappable character (0x90) for encoding windows-1252
     * ─?ß╗òi mß║¡t khß║⌐u cho Kh├ích h├áng (nß║┐u c├│ bß║úng DangNhap cho KH)
        ^
D:\DuAn1_Banxe\src\main\java\dao\LichBaoDuongDao.java:107: error: unmappable character (0x90) for encoding windows-1252
                    "WHERE TrangThai = N'─?├ú ─æß║╖t lß╗ïch' " +
                                          ^
D:\DuAn1_Banxe\src\main\java\dao\SanPham2Dao.java:16: error: unmappable character (0x8D) for encoding windows-1252
 * @author Nga Cß╗?t
                  ^
D:\DuAn1_Banxe\src\main\java\dao\SanPhamCTDao.java:17: error: unmappable character (0x8D) for encoding windows-1252
 * @author Nga Cß╗?t
                  ^
D:\DuAn1_Banxe\src\main\java\dao\SanPhamCTDao.java:144: error: unmappable character (0x90) for encoding windows-1252
                rs.getStatement().getConnection().close(); // ─?ß║úm bß║úo giß║úi ph├│ng kß║┐t nß╗æi
                                                               ^
D:\DuAn1_Banxe\src\main\java\dao\ThongTinXeDao.java:92: error: unmappable character (0x90) for encoding windows-1252
        String sql = "UPDATE ThongTinXe SET NgayBan = ?, TinhTrang = N'─?├ú b├ín' WHERE MaXe = ?";
                                                                        ^
D:\DuAn1_Banxe\src\main\java\dao\XuatXuDao.java:14: error: unmappable character (0x8D) for encoding windows-1252
 * @author Nga Cß╗?t
                  ^
D:\DuAn1_Banxe\src\main\java\entity\ChatLieu.java:13: error: unmappable character (0x8D) for encoding windows-1252
 * @author Nga Cß╗?t
                  ^
D:\DuAn1_Banxe\src\main\java\entity\ChiTietHoaDon.java:14: error: unmappable character (0x8D) for encoding windows-1252
 * @author Nga Cß╗?t
                  ^
D:\DuAn1_Banxe\src\main\java\entity\ChiTietKM.java:14: error: unmappable character (0x8D) for encoding windows-1252
 * @author Nga Cß╗?t
                  ^
D:\DuAn1_Banxe\src\main\java\entity\ChiTietSanPham.java:14: error: unmappable character (0x8D) for encoding windows-1252
 * @author Nga Cß╗?t
                  ^
D:\DuAn1_Banxe\src\main\java\entity\HoaDon.java:17: error: unmappable character (0x8D) for encoding windows-1252
 * @author Nga Cß╗?t
                  ^
D:\DuAn1_Banxe\src\main\java\entity\HoaDon.java:64: error: unmappable character (0x90) for encoding windows-1252
    public String getTrangThaiDonHang() { return trangThai ? "─?├ú thanh to├ín" : "Ch╞░a thanh to├ín"; }
                                                               ^
D:\DuAn1_Banxe\src\main\java\entity\KhuyenMai.java:17: error: unmappable character (0x8D) for encoding windows-1252
 * @author Nga Cß╗?t
                  ^
D:\DuAn1_Banxe\src\main\java\entity\KichThuoc.java:13: error: unmappable character (0x8D) for encoding windows-1252
 * @author Nga Cß╗?t
                  ^
D:\DuAn1_Banxe\src\main\java\entity\LichBaoDuong.java:15: error: unmappable character (0x90) for encoding windows-1252
    private String trangThai; // ─?├ú ─æß║╖t lß╗ïch, ─?ang thß╗▒c hiß╗çn, Ho├án th├ánh, Hß╗ºy
                                  ^
D:\DuAn1_Banxe\src\main\java\entity\LichBaoDuong.java:15: error: unmappable character (0x90) for encoding windows-1252
    private String trangThai; // ─?├ú ─æß║╖t lß╗ïch, ─?ang thß╗▒c hiß╗çn, Ho├án th├ánh, Hß╗ºy
                                                      ^
D:\DuAn1_Banxe\src\main\java\entity\LichLamViec.java:13: error: unmappable character (0x81) for encoding windows-1252
    private String caLamViec; // "S├íng", "Chiß╗?u", "Tß╗æi"
                                                ^
D:\DuAn1_Banxe\src\main\java\entity\LichLamViec.java:15: error: unmappable character (0x90) for encoding windows-1252
    private int trangThai; // 0: Ch╞░a l├ám, 1: ─?├ú l├ám, 2: Nghß╗ë
                                                 ^
D:\DuAn1_Banxe\src\main\java\entity\MauSac.java:14: error: unmappable character (0x8D) for encoding windows-1252
 * @author Nga Cß╗?t
                  ^
D:\DuAn1_Banxe\src\main\java\entity\PhieuDatXe.java:21: error: unmappable character (0x9D) for encoding windows-1252
    private String tienDoNhap; // Chß╗? x├íc nhß║¡n, ─?├ú x├íc nhß║¡n, ─?ang sß║ún xuß║Ñt, ─?ang vß║¡n chuyß╗ân, Vß╗? cß║úng, Vß╗? kho, 
Ho├án th├ánh, Hß╗ºy
                                      ^
D:\DuAn1_Banxe\src\main\java\entity\PhieuDatXe.java:21: error: unmappable character (0x90) for encoding windows-1252
    private String tienDoNhap; // Chß╗? x├íc nhß║¡n, ─?├ú x├íc nhß║¡n, ─?ang sß║ún xuß║Ñt, ─?ang vß║¡n chuyß╗ân, Vß╗? cß║úng, Vß╗? kho, 
Ho├án th├ánh, Hß╗ºy
                                                      ^
D:\DuAn1_Banxe\src\main\java\entity\PhieuDatXe.java:21: error: unmappable character (0x90) for encoding windows-1252
    private String tienDoNhap; // Chß╗? x├íc nhß║¡n, ─?├ú x├íc nhß║¡n, ─?ang sß║ún xuß║Ñt, ─?ang vß║¡n chuyß╗ân, Vß╗? cß║úng, Vß╗? kho, 
Ho├án th├ánh, Hß╗ºy
                                                                        ^
D:\DuAn1_Banxe\src\main\java\entity\PhieuDatXe.java:21: error: unmappable character (0x90) for encoding windows-1252
    private String tienDoNhap; // Chß╗? x├íc nhß║¡n, ─?├ú x├íc nhß║¡n, ─?ang sß║ún xuß║Ñt, ─?ang vß║¡n chuyß╗ân, Vß╗? cß║úng, Vß╗? kho, 
Ho├án th├ánh, Hß╗ºy
                                                                                            ^
D:\DuAn1_Banxe\src\main\java\entity\PhieuDatXe.java:21: error: unmappable character (0x81) for encoding windows-1252
    private String tienDoNhap; // Chß╗? x├íc nhß║¡n, ─?├ú x├íc nhß║¡n, ─?ang sß║ún xuß║Ñt, ─?ang vß║¡n chuyß╗ân, Vß╗? cß║úng, Vß╗? kho, 
Ho├án th├ánh, Hß╗ºy
                                                                                                                    ^
D:\DuAn1_Banxe\src\main\java\entity\PhieuDatXe.java:21: error: unmappable character (0x81) for encoding windows-1252
    private String tienDoNhap; // Chß╗? x├íc nhß║¡n, ─?├ú x├íc nhß║¡n, ─?ang sß║ún xuß║Ñt, ─?ang vß║¡n chuyß╗ân, Vß╗? cß║úng, Vß╗? kho, 
Ho├án th├ánh, Hß╗ºy
                                                                                                                                 ^
D:\DuAn1_Banxe\src\main\java\entity\PhieuDatXe.java:22: error: unmappable character (0x81) for encoding windows-1252
    private String maXe; // Li├¬n kß║┐t vß╗¢i xe cß╗Ñ thß╗â khi xe vß╗?
                                                                      ^
D:\DuAn1_Banxe\src\main\java\entity\SanPham.java:14: error: unmappable character (0x8D) for encoding windows-1252
 * @author Nga Cß╗?t
                  ^
D:\DuAn1_Banxe\src\main\java\entity\SanPham2.java:13: error: unmappable character (0x8D) for encoding windows-1252
 * @author Nga Cß╗?t
                  ^
D:\DuAn1_Banxe\src\main\java\entity\Session.java:8: error: unmappable character (0x9D) for encoding windows-1252
 * Session quß║ún l├╜ th├┤ng tin ng╞░ß╗?i d├╣ng ─æ─âng nhß║¡p
                                       ^
D:\DuAn1_Banxe\src\main\java\entity\Session.java:18: error: unmappable character (0x90) for encoding windows-1252
    // ─?ß╗æi t╞░ß╗úng ng╞░ß╗?i d├╣ng
        ^
D:\DuAn1_Banxe\src\main\java\entity\Session.java:18: error: unmappable character (0x9D) for encoding windows-1252
    // ─?ß╗æi t╞░ß╗úng ng╞░ß╗?i d├╣ng
                             ^
D:\DuAn1_Banxe\src\main\java\entity\Session.java:26: error: unmappable character (0x90) for encoding windows-1252
    // ─?─âng nhß║¡p Nh├ón vi├¬n
        ^
D:\DuAn1_Banxe\src\main\java\entity\Session.java:42: error: unmappable character (0x90) for encoding windows-1252
    // ─?─âng nhß║¡p Kh├ích h├áng
        ^
D:\DuAn1_Banxe\src\main\java\entity\Session.java:70: error: unmappable character (0x81) for encoding windows-1252
    // Kiß╗âm tra quyß╗?n
                       ^
D:\DuAn1_Banxe\src\main\java\entity\Session.java:96: error: unmappable character (0x90) for encoding windows-1252
    // ─?─âng xuß║Ñt
        ^
D:\DuAn1_Banxe\src\main\java\entity\ThongTinXe.java:21: error: unmappable character (0x9D) for encoding windows-1252
    private String tinhTrang; // Chß╗? nhß║¡p, ─?├ú vß╗? kho, ─?├ú b├ín, ─?ang bß║úo d╞░ß╗íng
                                     ^
D:\DuAn1_Banxe\src\main\java\entity\ThongTinXe.java:21: error: unmappable character (0x90) for encoding windows-1252
    private String tinhTrang; // Chß╗? nhß║¡p, ─?├ú vß╗? kho, ─?├ú b├ín, ─?ang bß║úo d╞░ß╗íng
                                                ^
D:\DuAn1_Banxe\src\main\java\entity\ThongTinXe.java:21: error: unmappable character (0x81) for encoding windows-1252
    private String tinhTrang; // Chß╗? nhß║¡p, ─?├ú vß╗? kho, ─?├ú b├ín, ─?ang bß║úo d╞░ß╗íng
                                                       ^
D:\DuAn1_Banxe\src\main\java\entity\ThongTinXe.java:21: error: unmappable character (0x90) for encoding windows-1252
    private String tinhTrang; // Chß╗? nhß║¡p, ─?├ú vß╗? kho, ─?├ú b├ín, ─?ang bß║úo d╞░ß╗íng
                                                               ^
D:\DuAn1_Banxe\src\main\java\entity\ThongTinXe.java:21: error: unmappable character (0x90) for encoding windows-1252
    private String tinhTrang; // Chß╗? nhß║¡p, ─?├ú vß╗? kho, ─?├ú b├ín, ─?ang bß║úo d╞░ß╗íng
                                                                          ^
D:\DuAn1_Banxe\src\main\java\entity\XuatXu.java:14: error: unmappable character (0x8D) for encoding windows-1252
 * @author Nga Cß╗?t
                  ^
D:\DuAn1_Banxe\src\main\java\Interface\CrudDAO.java:11: error: unmappable character (0x8D) for encoding windows-1252
 * @author Nga Cß╗?t
                  ^
D:\DuAn1_Banxe\src\main\java\Interface\SanPhamCTDao.java:12: error: unmappable character (0x8D) for encoding windows-1252
 * @author Nga Cß╗?t
                  ^
D:\DuAn1_Banxe\src\main\java\Interface\SanPhamDao.java:9: error: unmappable character (0x8D) for encoding windows-1252
 * @author Nga Cß╗?t
                  ^
D:\DuAn1_Banxe\src\main\java\Login\DangNhapJF.java:94: error: unmappable character (0x90) for encoding windows-1252
        btnDangNhap.setText("─?─éNG NHß║¼P");
                              ^
D:\DuAn1_Banxe\src\main\java\Login\DangNhapJF.java:173: error: unmappable character (0x90) for encoding windows-1252
        jTabbedPane1.addTab("─?─âng nhß║¡p", jPanel1);
                              ^
D:\DuAn1_Banxe\src\main\java\Login\DangNhapJF.java:179: error: unmappable character (0x90) for encoding windows-1252
        jLabel5.setText("─?─éNG K├?");
                          ^
D:\DuAn1_Banxe\src\main\java\Login\DangNhapJF.java:179: error: unmappable character (0x9D) for encoding windows-1252
        jLabel5.setText("─?─éNG K├?");
                                  ^
D:\DuAn1_Banxe\src\main\java\Login\DangNhapJF.java:181: error: unmappable character (0x8D) for encoding windows-1252
        jLabel6.setText("Hß╗?:");
                            ^
D:\DuAn1_Banxe\src\main\java\Login\DangNhapJF.java:189: error: unmappable character (0x90) for encoding windows-1252
        jLabel10.setText("S─?T:");
                            ^
D:\DuAn1_Banxe\src\main\java\Login\DangNhapJF.java:193: error: unmappable character (0x90) for encoding windows-1252
        jLabel12.setText("─?ß╗ïa chß╗ë:");
                           ^
D:\DuAn1_Banxe\src\main\java\Login\DangNhapJF.java:201: error: unmappable character (0x90) for encoding windows-1252
        btnDangKy.setText("─?─éNG K├?");
                            ^
D:\DuAn1_Banxe\src\main\java\Login\DangNhapJF.java:201: error: unmappable character (0x9D) for encoding windows-1252
        btnDangKy.setText("─?─éNG K├?");
                                    ^
D:\DuAn1_Banxe\src\main\java\Login\DangNhapJF.java:314: error: unmappable character (0x90) for encoding windows-1252
        jTabbedPane1.addTab("─?─âng k├╜", jPanel2);
                              ^
D:\DuAn1_Banxe\src\main\java\Login\DangNhapJF.java:343: error: unmappable character (0x9D) for encoding windows-1252
        // X├íc ─æß╗ïnh loß║íi ng╞░ß╗?i d├╣ng
                                     ^
D:\DuAn1_Banxe\src\main\java\Login\DangNhapJF.java:355: error: unmappable character (0x90) for encoding windows-1252
        // ─?─âng nhß║¡p theo loß║íi ng╞░ß╗?i d├╣ng
            ^
D:\DuAn1_Banxe\src\main\java\Login\DangNhapJF.java:355: error: unmappable character (0x9D) for encoding windows-1252
        // ─?─âng nhß║¡p theo loß║íi ng╞░ß╗?i d├╣ng
                                           ^
D:\DuAn1_Banxe\src\main\java\Login\DangNhapJF.java:357: error: unmappable character (0x90) for encoding windows-1252
            // ─?─âng nhß║¡p Nh├ón vi├¬n
                ^
D:\DuAn1_Banxe\src\main\java\Login\DangNhapJF.java:373: error: unmappable character (0x90) for encoding windows-1252
                        "─?─âng nhß║¡p th├ánh c├┤ng!\n\n" +
                          ^
D:\DuAn1_Banxe\src\main\java\Login\DangNhapJF.java:386: error: unmappable character (0x90) for encoding windows-1252
            // ─?─âng nhß║¡p Kh├ích h├áng
                ^
D:\DuAn1_Banxe\src\main\java\Login\DangNhapJF.java:392: error: unmappable character (0x90) for encoding windows-1252
                    "─?─âng nhß║¡p th├ánh c├┤ng!\n\n" +
                      ^
D:\DuAn1_Banxe\src\main\java\Login\DangNhapJF.java:416: error: unmappable character (0x81) for encoding windows-1252
                JOptionPane.showMessageDialog(this, "Vui l├▓ng ─æiß╗?n ─æß║ºy ─æß╗º th├┤ng tin bß║»t buß╗Öc:\n- Hß╗?\n- T├¬n\n- Sß╗æ 
─æiß╗çn thoß║íi\n- Email");
                                                                    ^
D:\DuAn1_Banxe\src\main\java\Login\DangNhapJF.java:416: error: unmappable character (0x8D) for encoding windows-1252
                JOptionPane.showMessageDialog(this, "Vui l├▓ng ─æiß╗?n ─æß║ºy ─æß╗º th├┤ng tin bß║»t buß╗Öc:\n- Hß╗?\n- T├¬n\n- Sß╗æ 
─æiß╗çn thoß║íi\n- Email");
                                                                                                                   ^
D:\DuAn1_Banxe\src\main\java\Login\DangNhapJF.java:439: error: unmappable character (0x90) for encoding windows-1252
                "─?─âng k├╜ th├ánh c├┤ng!\n\n" +
                  ^
D:\DuAn1_Banxe\src\main\java\Login\DangNhapJF.java:450: error: unmappable character (0x90) for encoding windows-1252
                "─?─âng k├╜ thß║Ñt bß║íi!\n\n" +
                  ^
D:\DuAn1_Banxe\src\main\java\Login\DangNhapJF.java:74: error: illegal character: '\u00bb'
        txt_Dß╗ïaChi = new javax.swing.JTextField();
              ^
D:\DuAn1_Banxe\src\main\java\Login\DangNhapJF.java:74: error: not a statement
        txt_Dß╗ïaChi = new javax.swing.JTextField();
        ^
D:\DuAn1_Banxe\src\main\java\Login\DangNhapJF.java:74: error: illegal character: '\u2039'
        txt_Dß╗ïaChi = new javax.swing.JTextField();
               ^
D:\DuAn1_Banxe\src\main\java\Login\DangNhapJF.java:250: error: illegal character: '\u00bb'
                                    .addComponent(txt_Dß╗ïaChi, javax.swing.GroupLayout.DEFAULT_SIZE, 100, Short.MAX_VALUE)))
                                                        ^
D:\DuAn1_Banxe\src\main\java\Login\DangNhapJF.java:250: error: illegal character: '\u2039'
                                    .addComponent(txt_Dß╗ïaChi, javax.swing.GroupLayout.DEFAULT_SIZE, 100, Short.MAX_VALUE)))
                                                         ^
D:\DuAn1_Banxe\src\main\java\Login\DangNhapJF.java:250: error: not a statement
                                    .addComponent(txt_Dß╗ïaChi, javax.swing.GroupLayout.DEFAULT_SIZE, 100, Short.MAX_VALUE)))
                                                          ^
D:\DuAn1_Banxe\src\main\java\Login\DangNhapJF.java:250: error: ';' expected
                                    .addComponent(txt_Dß╗ïaChi, javax.swing.GroupLayout.DEFAULT_SIZE, 100, Short.MAX_VALUE)))
                                                              ^
D:\DuAn1_Banxe\src\main\java\Login\DangNhapJF.java:250: error: not a statement
                                    .addComponent(txt_Dß╗ïaChi, javax.swing.GroupLayout.DEFAULT_SIZE, 100, Short.MAX_VALUE)))
                                                                                       ^
D:\DuAn1_Banxe\src\main\java\Login\DangNhapJF.java:250: error: ';' expected
                                    .addComponent(txt_Dß╗ïaChi, javax.swing.GroupLayout.DEFAULT_SIZE, 100, Short.MAX_VALUE)))
                                                                                                    ^
D:\DuAn1_Banxe\src\main\java\Login\DangNhapJF.java:250: error: not a statement
                                    .addComponent(txt_Dß╗ïaChi, javax.swing.GroupLayout.DEFAULT_SIZE, 100, Short.MAX_VALUE)))
                                                                                                                ^
D:\DuAn1_Banxe\src\main\java\Login\DangNhapJF.java:250: error: ';' expected
                                    .addComponent(txt_Dß╗ïaChi, javax.swing.GroupLayout.DEFAULT_SIZE, 100, Short.MAX_VALUE)))
                                                                                                                          ^
D:\DuAn1_Banxe\src\main\java\Login\DangNhapJF.java:262: error: ';' expected
                                            .addComponent(txt_quocQuoc, javax.swing.GroupLayout.DEFAULT_SIZE, 104, Short.MAX_VALUE))))))))
                                                                                                                                       ^
D:\DuAn1_Banxe\src\main\java\Login\DangNhapJF.java:263: error: ';' expected
                .addGap(66, 66, 66))
                                   ^
D:\DuAn1_Banxe\src\main\java\Login\DangNhapJF.java:267: error: ';' expected
                .addContainerGap(javax.swing.GroupLayout.DEFAULT_SIZE, Short.MAX_VALUE))
                                                                                        ^
D:\DuAn1_Banxe\src\main\java\Login\DangNhapJF.java:296: error: illegal character: '\u00bb'
                    .addComponent(txt_Dß╗ïaChi, javax.swing.GroupLayout.PREFERRED_SIZE, javax.swing.GroupLayout.DEFAULT_SIZE, 
javax.swing.GroupLayout.PREFERRED_SIZE))
                                        ^
D:\DuAn1_Banxe\src\main\java\Login\DangNhapJF.java:296: error: illegal character: '\u2039'
                    .addComponent(txt_Dß╗ïaChi, javax.swing.GroupLayout.PREFERRED_SIZE, javax.swing.GroupLayout.DEFAULT_SIZE, 
javax.swing.GroupLayout.PREFERRED_SIZE))
                                         ^
D:\DuAn1_Banxe\src\main\java\Login\DangNhapJF.java:296: error: not a statement
                    .addComponent(txt_Dß╗ïaChi, javax.swing.GroupLayout.PREFERRED_SIZE, javax.swing.GroupLayout.DEFAULT_SIZE, 
javax.swing.GroupLayout.PREFERRED_SIZE))
                                          ^
D:\DuAn1_Banxe\src\main\java\Login\DangNhapJF.java:296: error: ';' expected
                    .addComponent(txt_Dß╗ïaChi, javax.swing.GroupLayout.PREFERRED_SIZE, javax.swing.GroupLayout.DEFAULT_SIZE, 
javax.swing.GroupLayout.PREFERRED_SIZE))
                                              ^
D:\DuAn1_Banxe\src\main\java\Login\DangNhapJF.java:296: error: not a statement
                    .addComponent(txt_Dß╗ïaChi, javax.swing.GroupLayout.PREFERRED_SIZE, javax.swing.GroupLayout.DEFAULT_SIZE, 
javax.swing.GroupLayout.PREFERRED_SIZE))
                                                                       ^
D:\DuAn1_Banxe\src\main\java\Login\DangNhapJF.java:296: error: ';' expected
                    .addComponent(txt_Dß╗ïaChi, javax.swing.GroupLayout.PREFERRED_SIZE, javax.swing.GroupLayout.DEFAULT_SIZE, 
javax.swing.GroupLayout.PREFERRED_SIZE))
                                                                                      ^
D:\DuAn1_Banxe\src\main\java\Login\DangNhapJF.java:296: error: not a statement
                    .addComponent(txt_Dß╗ïaChi, javax.swing.GroupLayout.PREFERRED_SIZE, javax.swing.GroupLayout.DEFAULT_SIZE, 
javax.swing.GroupLayout.PREFERRED_SIZE))
                                                                                                               ^
D:\DuAn1_Banxe\src\main\java\Login\DangNhapJF.java:296: error: ';' expected
                    .addComponent(txt_Dß╗ïaChi, javax.swing.GroupLayout.PREFERRED_SIZE, javax.swing.GroupLayout.DEFAULT_SIZE, 
javax.swing.GroupLayout.PREFERRED_SIZE))
                                                                                                                            ^
D:\DuAn1_Banxe\src\main\java\Login\DangNhapJF.java:296: error: not a statement
                    .addComponent(txt_Dß╗ïaChi, javax.swing.GroupLayout.PREFERRED_SIZE, javax.swing.GroupLayout.DEFAULT_SIZE, 
javax.swing.GroupLayout.PREFERRED_SIZE))
                                                                                                                                          
           ^
D:\DuAn1_Banxe\src\main\java\Login\DangNhapJF.java:296: error: ';' expected
                    .addComponent(txt_Dß╗ïaChi, javax.swing.GroupLayout.PREFERRED_SIZE, javax.swing.GroupLayout.DEFAULT_SIZE, 
javax.swing.GroupLayout.PREFERRED_SIZE))
                                                                                                                                          
                          ^
D:\DuAn1_Banxe\src\main\java\Login\DangNhapJF.java:311: error: ';' expected
                .addContainerGap(247, Short.MAX_VALUE))
                                                      ^
D:\DuAn1_Banxe\src\main\java\Login\DangNhapJF.java:413: error: illegal character: '\u00bb'
            String diaChi = txt_Dß╗ïaChi.getText().trim();
                                  ^
D:\DuAn1_Banxe\src\main\java\Login\DangNhapJF.java:413: error: illegal character: '\u2039'
            String diaChi = txt_Dß╗ïaChi.getText().trim();
                                   ^
D:\DuAn1_Banxe\src\main\java\Login\DangNhapJF.java:464: error: illegal character: '\u00bb'
        txt_Dß╗ïaChi.setText("");
              ^
D:\DuAn1_Banxe\src\main\java\Login\DangNhapJF.java:464: error: not a statement
        txt_Dß╗ïaChi.setText("");
        ^
D:\DuAn1_Banxe\src\main\java\Login\DangNhapJF.java:464: error: illegal character: '\u2039'
        txt_Dß╗ïaChi.setText("");
               ^
D:\DuAn1_Banxe\src\main\java\Login\DangNhapJF.java:539: error: illegal character: '\u00bb'
    private javax.swing.JTextField txt_Dß╗ïaChi;
                                         ^
100 errors
only showing the first 100 errors, of 330 total; use -Xmaxerrs if you would like to see more
javac : D:\DuAn1_Banxe\src\main\java\entity\BanHang.java:7: error: package lombok does not exist
At line:1 char:144
+ ... y FullName; javac -encoding UTF-8 -d target\classes -sourcepath src\m ...
+                 ~~~~~~~~~~~~~~~~~~~~~~~~~~~~~~~~~~~~~~~~~~~~~~~~~~~~~~~~~
    + CategoryInfo          : NotSpecified: (D:\DuAn1_Banxe\... does not exist:String) [], RemoteException
    + FullyQualifiedErrorId : NativeCommandError
 
import lombok.AllArgsConstructor;
             ^
D:\DuAn1_Banxe\src\main\java\entity\BanHang.java:8: error: package lombok does not exist
import lombok.Builder;
             ^
D:\DuAn1_Banxe\src\main\java\entity\BanHang.java:9: error: package lombok does not exist
import lombok.Data;
             ^
D:\DuAn1_Banxe\src\main\java\entity\BanHang.java:10: error: package lombok does not exist
import lombok.NoArgsConstructor;
             ^
D:\DuAn1_Banxe\src\main\java\entity\BanHang.java:17: error: cannot find symbol
@NoArgsConstructor
 ^
  symbol: class NoArgsConstructor
D:\DuAn1_Banxe\src\main\java\entity\BanHang.java:18: error: cannot find symbol
@Data
 ^
  symbol: class Data
D:\DuAn1_Banxe\src\main\java\entity\BanHang.java:19: error: cannot find symbol
@AllArgsConstructor
 ^
  symbol: class AllArgsConstructor
D:\DuAn1_Banxe\src\main\java\entity\BanHang.java:20: error: cannot find symbol
@Builder
 ^
  symbol: class Builder
D:\DuAn1_Banxe\src\main\java\entity\ChatLieu.java:7: error: package lombok does not exist
import lombok.AllArgsConstructor;
             ^
D:\DuAn1_Banxe\src\main\java\entity\ChatLieu.java:8: error: package lombok does not exist
import lombok.Builder;
             ^
D:\DuAn1_Banxe\src\main\java\entity\ChatLieu.java:9: error: package lombok does not exist
import lombok.NoArgsConstructor;
             ^
D:\DuAn1_Banxe\src\main\java\entity\ChatLieu.java:15: error: cannot find symbol
@AllArgsConstructor
 ^
  symbol: class AllArgsConstructor
D:\DuAn1_Banxe\src\main\java\entity\ChatLieu.java:16: error: cannot find symbol
@Builder
 ^
  symbol: class Builder
D:\DuAn1_Banxe\src\main\java\entity\ChatLieu.java:17: error: cannot find symbol
@NoArgsConstructor
 ^
  symbol: class NoArgsConstructor
D:\DuAn1_Banxe\src\main\java\entity\ChiTietHoaDon.java:7: error: package lombok does not exist
import lombok.AllArgsConstructor;
             ^
D:\DuAn1_Banxe\src\main\java\entity\ChiTietHoaDon.java:8: error: package lombok does not exist
import lombok.Builder;
             ^
D:\DuAn1_Banxe\src\main\java\entity\ChiTietHoaDon.java:9: error: package lombok does not exist
import lombok.Data;
             ^
D:\DuAn1_Banxe\src\main\java\entity\ChiTietHoaDon.java:10: error: package lombok does not exist
import lombok.NoArgsConstructor;
             ^
D:\DuAn1_Banxe\src\main\java\entity\ChiTietHoaDon.java:16: error: cannot find symbol
@AllArgsConstructor
 ^
  symbol: class AllArgsConstructor
D:\DuAn1_Banxe\src\main\java\entity\ChiTietHoaDon.java:17: error: cannot find symbol
@Builder
 ^
  symbol: class Builder
D:\DuAn1_Banxe\src\main\java\entity\ChiTietHoaDon.java:18: error: cannot find symbol
@NoArgsConstructor
 ^
  symbol: class NoArgsConstructor
D:\DuAn1_Banxe\src\main\java\entity\ChiTietHoaDon.java:19: error: cannot find symbol
@Data
 ^
  symbol: class Data
D:\DuAn1_Banxe\src\main\java\entity\DanhSachSp.java:3: error: package lombok does not exist
import lombok.AllArgsConstructor;
             ^
D:\DuAn1_Banxe\src\main\java\entity\DanhSachSp.java:4: error: package lombok does not exist
import lombok.Builder;
             ^
D:\DuAn1_Banxe\src\main\java\entity\DanhSachSp.java:5: error: package lombok does not exist
import lombok.Data;
             ^
D:\DuAn1_Banxe\src\main\java\entity\DanhSachSp.java:6: error: package lombok does not exist
import lombok.NoArgsConstructor;
             ^
D:\DuAn1_Banxe\src\main\java\entity\DanhSachSp.java:13: error: cannot find symbol
@Data
 ^
  symbol: class Data
D:\DuAn1_Banxe\src\main\java\entity\DanhSachSp.java:14: error: cannot find symbol
@Builder
 ^
  symbol: class Builder
D:\DuAn1_Banxe\src\main\java\entity\DanhSachSp.java:15: error: cannot find symbol
@NoArgsConstructor
 ^
  symbol: class NoArgsConstructor
D:\DuAn1_Banxe\src\main\java\entity\DanhSachSp.java:16: error: cannot find symbol
@AllArgsConstructor
 ^
  symbol: class AllArgsConstructor
D:\DuAn1_Banxe\src\main\java\entity\giaodich.java:10: error: cannot find symbol
@AllArgsConstructor
 ^
  symbol: class AllArgsConstructor
D:\DuAn1_Banxe\src\main\java\entity\giaodich.java:11: error: cannot find symbol
@Data
 ^
  symbol: class Data
D:\DuAn1_Banxe\src\main\java\entity\giaodich.java:12: error: cannot find symbol
@NoArgsConstructor
 ^
  symbol: class NoArgsConstructor
D:\DuAn1_Banxe\src\main\java\entity\giaodich.java:13: error: cannot find symbol
@Builder
 ^
  symbol: class Builder
D:\DuAn1_Banxe\src\main\java\entity\giaodich.java:3: error: package lombok does not exist
import lombok.*;
^
D:\DuAn1_Banxe\src\main\java\entity\HoaDon2.java:3: error: package lombok does not exist
import lombok.AllArgsConstructor;
             ^
D:\DuAn1_Banxe\src\main\java\entity\HoaDon2.java:4: error: package lombok does not exist
import lombok.Builder;
             ^
D:\DuAn1_Banxe\src\main\java\entity\HoaDon2.java:5: error: package lombok does not exist
import lombok.Data;
             ^
D:\DuAn1_Banxe\src\main\java\entity\HoaDon2.java:6: error: package lombok does not exist
import lombok.NoArgsConstructor;
             ^
D:\DuAn1_Banxe\src\main\java\entity\HoaDon2.java:13: error: cannot find symbol
@Data
 ^
  symbol: class Data
D:\DuAn1_Banxe\src\main\java\entity\HoaDon2.java:14: error: cannot find symbol
@Builder
 ^
  symbol: class Builder
D:\DuAn1_Banxe\src\main\java\entity\HoaDon2.java:15: error: cannot find symbol
@NoArgsConstructor
 ^
  symbol: class NoArgsConstructor
D:\DuAn1_Banxe\src\main\java\entity\HoaDon2.java:16: error: cannot find symbol
@AllArgsConstructor
 ^
  symbol: class AllArgsConstructor
D:\DuAn1_Banxe\src\main\java\entity\HoaDonChiTiet.java:11: error: cannot find symbol
@Data
 ^
  symbol: class Data
D:\DuAn1_Banxe\src\main\java\entity\HoaDonChiTiet.java:12: error: cannot find symbol
@Builder
 ^
  symbol: class Builder
D:\DuAn1_Banxe\src\main\java\entity\HoaDonChiTiet.java:13: error: cannot find symbol
@NoArgsConstructor
 ^
  symbol: class NoArgsConstructor
D:\DuAn1_Banxe\src\main\java\entity\HoaDonChiTiet.java:14: error: cannot find symbol
@AllArgsConstructor
 ^
  symbol: class AllArgsConstructor
D:\DuAn1_Banxe\src\main\java\entity\HoaDonChiTiet.java:3: error: package lombok does not exist
import lombok.*;
^
D:\DuAn1_Banxe\src\main\java\entity\HoaDonCho.java:3: error: package lombok does not exist
import lombok.AllArgsConstructor;
             ^
D:\DuAn1_Banxe\src\main\java\entity\HoaDonCho.java:4: error: package lombok does not exist
import lombok.Builder;
             ^
D:\DuAn1_Banxe\src\main\java\entity\HoaDonCho.java:5: error: package lombok does not exist
import lombok.Data;
             ^
D:\DuAn1_Banxe\src\main\java\entity\HoaDonCho.java:6: error: package lombok does not exist
import lombok.NoArgsConstructor;
             ^
D:\DuAn1_Banxe\src\main\java\entity\HoaDonCho.java:12: error: cannot find symbol
@Data
 ^
  symbol: class Data
D:\DuAn1_Banxe\src\main\java\entity\HoaDonCho.java:13: error: cannot find symbol
@Builder
 ^
  symbol: class Builder
D:\DuAn1_Banxe\src\main\java\entity\HoaDonCho.java:14: error: cannot find symbol
@NoArgsConstructor
 ^
  symbol: class NoArgsConstructor
D:\DuAn1_Banxe\src\main\java\entity\HoaDonCho.java:15: error: cannot find symbol
@AllArgsConstructor
 ^
  symbol: class AllArgsConstructor
D:\DuAn1_Banxe\src\main\java\entity\HoaDon.java:8: error: package lombok does not exist
import lombok.AllArgsConstructor;
             ^
D:\DuAn1_Banxe\src\main\java\entity\HoaDon.java:9: error: package lombok does not exist
import lombok.Builder;
             ^
D:\DuAn1_Banxe\src\main\java\entity\HoaDon.java:10: error: package lombok does not exist
import lombok.Data;
             ^
D:\DuAn1_Banxe\src\main\java\entity\HoaDon.java:11: error: package lombok does not exist
import lombok.NoArgsConstructor;
             ^
D:\DuAn1_Banxe\src\main\java\entity\HoaDon.java:19: error: cannot find symbol
@AllArgsConstructor
 ^
  symbol: class AllArgsConstructor
D:\DuAn1_Banxe\src\main\java\entity\HoaDon.java:20: error: cannot find symbol
@Builder
 ^
  symbol: class Builder
D:\DuAn1_Banxe\src\main\java\entity\HoaDon.java:21: error: cannot find symbol
@NoArgsConstructor
 ^
  symbol: class NoArgsConstructor
D:\DuAn1_Banxe\src\main\java\entity\HoaDon.java:22: error: cannot find symbol
@Data
 ^
  symbol: class Data
D:\DuAn1_Banxe\src\main\java\entity\KhuyenMai.java:8: error: package lombok does not exist
import lombok.AllArgsConstructor;
             ^
D:\DuAn1_Banxe\src\main\java\entity\KhuyenMai.java:9: error: package lombok does not exist
import lombok.Builder;
             ^
D:\DuAn1_Banxe\src\main\java\entity\KhuyenMai.java:10: error: package lombok does not exist
import lombok.Data;
             ^
D:\DuAn1_Banxe\src\main\java\entity\KhuyenMai.java:11: error: package lombok does not exist
import lombok.NoArgsConstructor;
             ^
D:\DuAn1_Banxe\src\main\java\entity\KhuyenMai.java:19: error: cannot find symbol
@AllArgsConstructor
 ^
  symbol: class AllArgsConstructor
D:\DuAn1_Banxe\src\main\java\entity\KhuyenMai.java:20: error: cannot find symbol
@Builder
 ^
  symbol: class Builder
D:\DuAn1_Banxe\src\main\java\entity\KhuyenMai.java:21: error: cannot find symbol
@NoArgsConstructor
 ^
  symbol: class NoArgsConstructor
D:\DuAn1_Banxe\src\main\java\entity\KhuyenMai.java:22: error: cannot find symbol
@Data
 ^
  symbol: class Data
D:\DuAn1_Banxe\src\main\java\entity\KichThuoc.java:7: error: package lombok does not exist
import lombok.AllArgsConstructor;
             ^
D:\DuAn1_Banxe\src\main\java\entity\KichThuoc.java:8: error: package lombok does not exist
import lombok.Builder;
             ^
D:\DuAn1_Banxe\src\main\java\entity\KichThuoc.java:9: error: package lombok does not exist
import lombok.NoArgsConstructor;
             ^
D:\DuAn1_Banxe\src\main\java\entity\KichThuoc.java:15: error: cannot find symbol
@AllArgsConstructor
 ^
  symbol: class AllArgsConstructor
D:\DuAn1_Banxe\src\main\java\entity\KichThuoc.java:16: error: cannot find symbol
@Builder
 ^
  symbol: class Builder
D:\DuAn1_Banxe\src\main\java\entity\KichThuoc.java:17: error: cannot find symbol
@NoArgsConstructor
 ^
  symbol: class NoArgsConstructor
D:\DuAn1_Banxe\src\main\java\entity\MauSac.java:7: error: package lombok does not exist
import lombok.AllArgsConstructor;
             ^
D:\DuAn1_Banxe\src\main\java\entity\MauSac.java:8: error: package lombok does not exist
import lombok.Builder;
             ^
D:\DuAn1_Banxe\src\main\java\entity\MauSac.java:9: error: package lombok does not exist
import lombok.Data;
             ^
D:\DuAn1_Banxe\src\main\java\entity\MauSac.java:10: error: package lombok does not exist
import lombok.NoArgsConstructor;
             ^
D:\DuAn1_Banxe\src\main\java\entity\MauSac.java:16: error: cannot find symbol
@AllArgsConstructor
 ^
  symbol: class AllArgsConstructor
D:\DuAn1_Banxe\src\main\java\entity\MauSac.java:17: error: cannot find symbol
@Builder
 ^
  symbol: class Builder
D:\DuAn1_Banxe\src\main\java\entity\MauSac.java:18: error: cannot find symbol
@NoArgsConstructor
 ^
  symbol: class NoArgsConstructor
D:\DuAn1_Banxe\src\main\java\entity\MauSac.java:19: error: cannot find symbol
@Data
 ^
  symbol: class Data
D:\DuAn1_Banxe\src\main\java\entity\PhieuGiamGia.java:5: error: package lombok does not exist
import lombok.AllArgsConstructor;
             ^
D:\DuAn1_Banxe\src\main\java\entity\PhieuGiamGia.java:6: error: package lombok does not exist
import lombok.Getter;
             ^
D:\DuAn1_Banxe\src\main\java\entity\PhieuGiamGia.java:7: error: package lombok does not exist
import lombok.NoArgsConstructor;
             ^
D:\DuAn1_Banxe\src\main\java\entity\PhieuGiamGia.java:8: error: package lombok does not exist
import lombok.Setter;
             ^
D:\DuAn1_Banxe\src\main\java\entity\PhieuGiamGia.java:9: error: package lombok does not exist
import lombok.ToString;
             ^
D:\DuAn1_Banxe\src\main\java\entity\PhieuGiamGia.java:11: error: cannot find symbol
@Getter
 ^
  symbol: class Getter
D:\DuAn1_Banxe\src\main\java\entity\PhieuGiamGia.java:12: error: cannot find symbol
@Setter
 ^
  symbol: class Setter
D:\DuAn1_Banxe\src\main\java\entity\PhieuGiamGia.java:13: error: cannot find symbol
@NoArgsConstructor
 ^
  symbol: class NoArgsConstructor
D:\DuAn1_Banxe\src\main\java\entity\SanPham2.java:6: error: package lombok does not exist
import lombok.AllArgsConstructor;
             ^
D:\DuAn1_Banxe\src\main\java\entity\SanPham2.java:7: error: package lombok does not exist
import lombok.Builder;
             ^
D:\DuAn1_Banxe\src\main\java\entity\SanPham2.java:8: error: package lombok does not exist
import lombok.Data;
             ^
D:\DuAn1_Banxe\src\main\java\entity\SanPham2.java:9: error: package lombok does not exist
import lombok.NoArgsConstructor;
             ^
D:\DuAn1_Banxe\src\main\java\entity\SanPham2.java:15: error: cannot find symbol
@AllArgsConstructor
 ^
  symbol: class AllArgsConstructor
D:\DuAn1_Banxe\src\main\java\entity\SanPham2.java:16: error: cannot find symbol
@Builder
 ^
  symbol: class Builder
Note: Some input files use unchecked or unsafe operations.
Note: Recompile with -Xlint:unchecked for details.
100 errors
only showing the first 100 errors, of 342 total; use -Xmaxerrs if you would like to see more
